
PROGRAM "SRB.abs"

*********************************************************************************************
TARGET SECTION
---------------------------------------------------------------------------------------------
Processor   : Freescale HC08
Memory Model: SMALL
File Format : ELF\DWARF 2.0
Linker      : SmartLinker V-5.0.50 Build 13184, Jul  4 2013

*********************************************************************************************
FILE SECTION
---------------------------------------------------------------------------------------------
ProcessorExpert_c.obj                   Model: SMALL,         Lang: ANSI-C
start08_c.obj                           Model: SMALL,         Lang: ANSI-C
Cpu_c.obj                               Model: SMALL,         Lang: ANSI-C
IO_Map_c.obj                            Model: SMALL,         Lang: ANSI-C
Vectors_c.obj                           Model: SMALL,         Lang: ANSI-C

*********************************************************************************************
STARTUP SECTION
---------------------------------------------------------------------------------------------
Entry point: 0x1837 (_EntryPoint)
_startupData is allocated at 0x189E and uses 6 Bytes
extern struct _tagStartup {
  unsigned nofZeroOut     1
  _Range   pZeroOut       0xA0     1
  _Copy    *toCopyDownBeg 0x1935
} _startupData;

*********************************************************************************************
SECTION-ALLOCATION SECTION
Section Name                    Size  Type     From       To       Segment
---------------------------------------------------------------------------------------------
.text                            137     R     0x18AC     0x1934   ROM
.abs_section_ffbd                  1     R     0xFFBD     0xFFBD   .absSeg0
.abs_section_ffbf                  1     R     0xFFBF     0xFFBF   .absSeg1
.abs_section_0                     1   N/I        0x0        0x0   .absSeg2
.abs_section_1                     1   N/I        0x1        0x1   .absSeg3
.abs_section_2                     1   N/I        0x2        0x2   .absSeg4
.abs_section_3                     1   N/I        0x3        0x3   .absSeg5
.abs_section_4                     1   N/I        0x4        0x4   .absSeg6
.abs_section_5                     1   N/I        0x5        0x5   .absSeg7
.abs_section_6                     1   N/I        0x6        0x6   .absSeg8
.abs_section_7                     1   N/I        0x7        0x7   .absSeg9
.abs_section_8                     1   N/I        0x8        0x8   .absSeg10
.abs_section_9                     1   N/I        0x9        0x9   .absSeg11
.abs_section_a                     1   N/I        0xA        0xA   .absSeg12
.abs_section_b                     1   N/I        0xB        0xB   .absSeg13
.abs_section_c                     1   N/I        0xC        0xC   .absSeg14
.abs_section_d                     1   N/I        0xD        0xD   .absSeg15
.abs_section_e                     1   N/I        0xE        0xE   .absSeg16
.abs_section_f                     1   N/I        0xF        0xF   .absSeg17
.abs_section_10                    1   N/I       0x10       0x10   .absSeg18
.abs_section_11                    1   N/I       0x11       0x11   .absSeg19
.abs_section_12                    1   N/I       0x12       0x12   .absSeg20
.abs_section_13                    1   N/I       0x13       0x13   .absSeg21
.abs_section_14                    1   N/I       0x14       0x14   .absSeg22
.abs_section_16                    1   N/I       0x16       0x16   .absSeg23
.abs_section_17                    1   N/I       0x17       0x17   .absSeg24
.abs_section_1a                    1   N/I       0x1A       0x1A   .absSeg25
.abs_section_1b                    1   N/I       0x1B       0x1B   .absSeg26
.abs_section_1c                    1   N/I       0x1C       0x1C   .absSeg27
.abs_section_1d                    1   N/I       0x1D       0x1D   .absSeg28
.abs_section_1e                    1   N/I       0x1E       0x1E   .absSeg29
.abs_section_1f                    1   N/I       0x1F       0x1F   .absSeg30
.abs_section_22                    1   N/I       0x22       0x22   .absSeg31
.abs_section_23                    1   N/I       0x23       0x23   .absSeg32
.abs_section_24                    1   N/I       0x24       0x24   .absSeg33
.abs_section_25                    1   N/I       0x25       0x25   .absSeg34
.abs_section_26                    1   N/I       0x26       0x26   .absSeg35
.abs_section_27                    1   N/I       0x27       0x27   .absSeg36
.abs_section_28                    1   N/I       0x28       0x28   .absSeg37
.abs_section_29                    1   N/I       0x29       0x29   .absSeg38
.abs_section_2a                    1   N/I       0x2A       0x2A   .absSeg39
.abs_section_2b                    1   N/I       0x2B       0x2B   .absSeg40
.abs_section_2d                    1   N/I       0x2D       0x2D   .absSeg41
.abs_section_30                    1   N/I       0x30       0x30   .absSeg42
.abs_section_35                    1   N/I       0x35       0x35   .absSeg43
.abs_section_38                    1   N/I       0x38       0x38   .absSeg44
.abs_section_3b                    1   N/I       0x3B       0x3B   .absSeg45
.abs_section_40                    1   N/I       0x40       0x40   .absSeg46
.abs_section_41                    1   N/I       0x41       0x41   .absSeg47
.abs_section_42                    1   N/I       0x42       0x42   .absSeg48
.abs_section_43                    1   N/I       0x43       0x43   .absSeg49
.abs_section_44                    1   N/I       0x44       0x44   .absSeg50
.abs_section_45                    1   N/I       0x45       0x45   .absSeg51
.abs_section_46                    1   N/I       0x46       0x46   .absSeg52
.abs_section_47                    1   N/I       0x47       0x47   .absSeg53
.abs_section_48                    1   N/I       0x48       0x48   .absSeg54
.abs_section_49                    1   N/I       0x49       0x49   .absSeg55
.abs_section_4a                    1   N/I       0x4A       0x4A   .absSeg56
.abs_section_4b                    1   N/I       0x4B       0x4B   .absSeg57
.abs_section_4e                    1   N/I       0x4E       0x4E   .absSeg58
.abs_section_50                    1   N/I       0x50       0x50   .absSeg59
.abs_section_51                    1   N/I       0x51       0x51   .absSeg60
.abs_section_54                    1   N/I       0x54       0x54   .absSeg61
.abs_section_58                    1   N/I       0x58       0x58   .absSeg62
.abs_section_59                    1   N/I       0x59       0x59   .absSeg63
.abs_section_5a                    1   N/I       0x5A       0x5A   .absSeg64
.abs_section_5b                    1   N/I       0x5B       0x5B   .absSeg65
.abs_section_5c                    1   N/I       0x5C       0x5C   .absSeg66
.abs_section_60                    1   N/I       0x60       0x60   .absSeg67
.abs_section_65                    1   N/I       0x65       0x65   .absSeg68
.abs_section_68                    1   N/I       0x68       0x68   .absSeg69
.abs_section_6b                    1   N/I       0x6B       0x6B   .absSeg70
.abs_section_6e                    1   N/I       0x6E       0x6E   .absSeg71
.abs_section_71                    1   N/I       0x71       0x71   .absSeg72
.abs_section_1800                  1   N/I     0x1800     0x1800   .absSeg73
.abs_section_1801                  1   N/I     0x1801     0x1801   .absSeg74
.abs_section_1802                  1   N/I     0x1802     0x1802   .absSeg75
.abs_section_1808                  1   N/I     0x1808     0x1808   .absSeg76
.abs_section_1809                  1   N/I     0x1809     0x1809   .absSeg77
.abs_section_180a                  1   N/I     0x180A     0x180A   .absSeg78
.abs_section_1810                  1   N/I     0x1810     0x1810   .absSeg79
.abs_section_1811                  1   N/I     0x1811     0x1811   .absSeg80
.abs_section_1812                  1   N/I     0x1812     0x1812   .absSeg81
.abs_section_1813                  1   N/I     0x1813     0x1813   .absSeg82
.abs_section_1816                  1   N/I     0x1816     0x1816   .absSeg83
.abs_section_1817                  1   N/I     0x1817     0x1817   .absSeg84
.abs_section_1818                  1   N/I     0x1818     0x1818   .absSeg85
.abs_section_1820                  1   N/I     0x1820     0x1820   .absSeg86
.abs_section_1821                  1   N/I     0x1821     0x1821   .absSeg87
.abs_section_1823                  1   N/I     0x1823     0x1823   .absSeg88
.abs_section_1824                  1   N/I     0x1824     0x1824   .absSeg89
.abs_section_1825                  1   N/I     0x1825     0x1825   .absSeg90
.abs_section_1826                  1   N/I     0x1826     0x1826   .absSeg91
.abs_section_18                    2   N/I       0x18       0x19   .absSeg92
.abs_section_20                    2   N/I       0x20       0x21   .absSeg93
.abs_section_31                    2   N/I       0x31       0x32   .absSeg94
.abs_section_33                    2   N/I       0x33       0x34   .absSeg95
.abs_section_36                    2   N/I       0x36       0x37   .absSeg96
.abs_section_39                    2   N/I       0x39       0x3A   .absSeg97
.abs_section_3c                    2   N/I       0x3C       0x3D   .absSeg98
.abs_section_4c                    2   N/I       0x4C       0x4D   .absSeg99
.abs_section_52                    2   N/I       0x52       0x53   .absSeg100
.abs_section_61                    2   N/I       0x61       0x62   .absSeg101
.abs_section_63                    2   N/I       0x63       0x64   .absSeg102
.abs_section_66                    2   N/I       0x66       0x67   .absSeg103
.abs_section_69                    2   N/I       0x69       0x6A   .absSeg104
.abs_section_6c                    2   N/I       0x6C       0x6D   .absSeg105
.abs_section_6f                    2   N/I       0x6F       0x70   .absSeg106
.abs_section_72                    2   N/I       0x72       0x73   .absSeg107
.abs_section_1806                  2   N/I     0x1806     0x1807   .absSeg108
.abs_section_1814                  2   N/I     0x1814     0x1815   .absSeg109
.abs_section_ffcc                 52     R     0xFFCC     0xFFFF   .absSeg110
.startData                        14     R     0x189E     0x18AB   ROM
.init                            114     R     0x182C     0x189D   ROM
.common                            1   R/W       0xA0       0xA0   RAM
.stack                           128   R/W       0xA1      0x120   RAM
.copy                              2     R     0x1935     0x1936   ROM

Summary of section sizes per section type:
READ_ONLY (R):         141 (dec:      321)
READ_WRITE (R/W):       81 (dec:      129)
NO_INIT (N/I):          7E (dec:      126)

*********************************************************************************************
VECTOR-ALLOCATION SECTION
    Address     InitValue   InitFunction
---------------------------------------------------------------------------------------------

*********************************************************************************************
OBJECT-ALLOCATION SECTION
     Name               Module                 Addr   hSize   dSize     Ref    Section   RLIB
---------------------------------------------------------------------------------------------
MODULE:                 -- ProcessorExpert_c.obj --
- PROCEDURES:
     main                                      18AC       5       5       1   .text       
- VARIABLES:
MODULE:                 -- start08_c.obj --
- PROCEDURES:
     loadByte                                  18B1       E      14       5   .text       
     Init                                      18BF      6D     109       1   .text       
     _Startup                                  192C       9       9       1   .text       
- VARIABLES:
     _startupData                              189E       6       6       4   .startData  
- LABELS:
     __SEG_END_SSTACK                           121       0       0       1               
MODULE:                 -- Cpu_c.obj --
- PROCEDURES:
     Cpu_VicgInterrupt                         182C       7       7       1   .init       
     Cpu_Interrupt                             1833       4       4      24   .init       
     _EntryPoint                               1837      27      39       1   .init       
     PE_low_level_init                         185E      40      64       1   .init       
- VARIABLES:
     NVPROT_INIT                               FFBD       1       1       0   .abs_section_ffbd
     NVOPT_INIT                                FFBF       1       1       0   .abs_section_ffbf
     CCR_lock                                    A0       1       1       1   .common     
MODULE:                 -- IO_Map_c.obj --
- PROCEDURES:
- VARIABLES:
     _PTAD                                        0       1       1       0   .abs_section_0
     _PTAPE                                       1       1       1       0   .abs_section_1
     _PTASE                                       2       1       1       1   .abs_section_2
     _PTADD                                       3       1       1       0   .abs_section_3
     _PTBD                                        4       1       1       0   .abs_section_4
     _PTBPE                                       5       1       1       0   .abs_section_5
     _PTBSE                                       6       1       1       1   .abs_section_6
     _PTBDD                                       7       1       1       0   .abs_section_7
     _PTCD                                        8       1       1       2   .abs_section_8
     _PTCPE                                       9       1       1       1   .abs_section_9
     _PTCSE                                       A       1       1       1   .abs_section_a
     _PTCDD                                       B       1       1       1   .abs_section_b
     _PTDD                                        C       1       1       6   .abs_section_c
     _PTDPE                                       D       1       1       2   .abs_section_d
     _PTDSE                                       E       1       1       2   .abs_section_e
     _PTDDD                                       F       1       1       2   .abs_section_f
     _PTED                                       10       1       1       0   .abs_section_10
     _PTEPE                                      11       1       1       0   .abs_section_11
     _PTESE                                      12       1       1       2   .abs_section_12
     _PTEDD                                      13       1       1       0   .abs_section_13
     _IRQSC                                      14       1       1       0   .abs_section_14
     _KBI1SC                                     16       1       1       0   .abs_section_16
     _KBI1PE                                     17       1       1       0   .abs_section_17
     _SCI1C1                                     1A       1       1       0   .abs_section_1a
     _SCI1C2                                     1B       1       1       0   .abs_section_1b
     _SCI1S1                                     1C       1       1       0   .abs_section_1c
     _SCI1S2                                     1D       1       1       0   .abs_section_1d
     _SCI1C3                                     1E       1       1       0   .abs_section_1e
     _SCI1D                                      1F       1       1       0   .abs_section_1f
     _SCI2C1                                     22       1       1       0   .abs_section_22
     _SCI2C2                                     23       1       1       0   .abs_section_23
     _SCI2S1                                     24       1       1       0   .abs_section_24
     _SCI2S2                                     25       1       1       0   .abs_section_25
     _SCI2C3                                     26       1       1       0   .abs_section_26
     _SCI2D                                      27       1       1       0   .abs_section_27
     _SPI1C1                                     28       1       1       0   .abs_section_28
     _SPI1C2                                     29       1       1       0   .abs_section_29
     _SPI1BR                                     2A       1       1       0   .abs_section_2a
     _SPI1S                                      2B       1       1       0   .abs_section_2b
     _SPI1D                                      2D       1       1       0   .abs_section_2d
     _TPM1SC                                     30       1       1       0   .abs_section_30
     _TPM1C0SC                                   35       1       1       0   .abs_section_35
     _TPM1C1SC                                   38       1       1       0   .abs_section_38
     _TPM1C2SC                                   3B       1       1       0   .abs_section_3b
     _PTFD                                       40       1       1       0   .abs_section_40
     _PTFPE                                      41       1       1       0   .abs_section_41
     _PTFSE                                      42       1       1       0   .abs_section_42
     _PTFDD                                      43       1       1       0   .abs_section_43
     _PTGD                                       44       1       1       0   .abs_section_44
     _PTGPE                                      45       1       1       0   .abs_section_45
     _PTGSE                                      46       1       1       2   .abs_section_46
     _PTGDD                                      47       1       1       0   .abs_section_47
     _ICGC1                                      48       1       1       1   .abs_section_48
     _ICGC2                                      49       1       1       1   .abs_section_49
     _ICGS1                                      4A       1       1       2   .abs_section_4a
     _ICGS2                                      4B       1       1       0   .abs_section_4b
     _ICGTRM                                     4E       1       1       1   .abs_section_4e
     _ATD1C                                      50       1       1       0   .abs_section_50
     _ATD1SC                                     51       1       1       0   .abs_section_51
     _ATD1PE                                     54       1       1       0   .abs_section_54
     _IIC1A                                      58       1       1       0   .abs_section_58
     _IIC1F                                      59       1       1       0   .abs_section_59
     _IIC1C                                      5A       1       1       0   .abs_section_5a
     _IIC1S                                      5B       1       1       0   .abs_section_5b
     _IIC1D                                      5C       1       1       0   .abs_section_5c
     _TPM2SC                                     60       1       1       0   .abs_section_60
     _TPM2C0SC                                   65       1       1       0   .abs_section_65
     _TPM2C1SC                                   68       1       1       0   .abs_section_68
     _TPM2C2SC                                   6B       1       1       0   .abs_section_6b
     _TPM2C3SC                                   6E       1       1       0   .abs_section_6e
     _TPM2C4SC                                   71       1       1       0   .abs_section_71
     _SRS                                      1800       1       1       0   .abs_section_1800
     _SBDFR                                    1801       1       1       0   .abs_section_1801
     _SOPT                                     1802       1       1       1   .abs_section_1802
     _SRTISC                                   1808       1       1       0   .abs_section_1808
     _SPMSC1                                   1809       1       1       1   .abs_section_1809
     _SPMSC2                                   180A       1       1       1   .abs_section_180a
     _DBGCAH                                   1810       1       1       0   .abs_section_1810
     _DBGCAL                                   1811       1       1       0   .abs_section_1811
     _DBGCBH                                   1812       1       1       0   .abs_section_1812
     _DBGCBL                                   1813       1       1       0   .abs_section_1813
     _DBGC                                     1816       1       1       0   .abs_section_1816
     _DBGT                                     1817       1       1       0   .abs_section_1817
     _DBGS                                     1818       1       1       0   .abs_section_1818
     _FCDIV                                    1820       1       1       0   .abs_section_1820
     _FOPT                                     1821       1       1       0   .abs_section_1821
     _FCNFG                                    1823       1       1       0   .abs_section_1823
     _FPROT                                    1824       1       1       0   .abs_section_1824
     _FSTAT                                    1825       1       1       0   .abs_section_1825
     _FCMD                                     1826       1       1       0   .abs_section_1826
     _SCI1BD                                     18       2       2       0   .abs_section_18
     _SCI2BD                                     20       2       2       0   .abs_section_20
     _TPM1CNT                                    31       2       2       0   .abs_section_31
     _TPM1MOD                                    33       2       2       0   .abs_section_33
     _TPM1C0V                                    36       2       2       0   .abs_section_36
     _TPM1C1V                                    39       2       2       0   .abs_section_39
     _TPM1C2V                                    3C       2       2       0   .abs_section_3c
     _ICGFLT                                     4C       2       2       1   .abs_section_4c
     _ATD1R                                      52       2       2       0   .abs_section_52
     _TPM2CNT                                    61       2       2       0   .abs_section_61
     _TPM2MOD                                    63       2       2       0   .abs_section_63
     _TPM2C0V                                    66       2       2       0   .abs_section_66
     _TPM2C1V                                    69       2       2       0   .abs_section_69
     _TPM2C2V                                    6C       2       2       0   .abs_section_6c
     _TPM2C3V                                    6F       2       2       0   .abs_section_6f
     _TPM2C4V                                    72       2       2       0   .abs_section_72
     _SDID                                     1806       2       2       0   .abs_section_1806
     _DBGF                                     1814       2       2       0   .abs_section_1814
MODULE:                 -- Vectors_c.obj --
- PROCEDURES:
- VARIABLES:
     _vect                                     FFCC      34      52       0   .abs_section_ffcc

*********************************************************************************************
MODULE STATISTIC
  Name                                      Data   Code  Const
---------------------------------------------------------------------------------------------
  ProcessorExpert_c.obj                        0      5      0
  start08_c.obj                                0    132      0
  Cpu_c.obj                                    1    114      2
  IO_Map_c.obj                               126      0      0
  Vectors_c.obj                                0      0     52
  other                                      128     14      2

*********************************************************************************************
SECTION USE IN OBJECT-ALLOCATION SECTION
---------------------------------------------------------------------------------------------
SECTION: ".text"
  main loadByte Init _Startup 
SECTION: ".init"
  Cpu_VicgInterrupt Cpu_Interrupt _EntryPoint PE_low_level_init 
SECTION: ".abs_section_ffbd"
  NVPROT_INIT 
SECTION: ".abs_section_ffbf"
  NVOPT_INIT 
SECTION: ".common"
  CCR_lock 
SECTION: ".abs_section_0"
  _PTAD 
SECTION: ".abs_section_1"
  _PTAPE 
SECTION: ".abs_section_2"
  _PTASE 
SECTION: ".abs_section_3"
  _PTADD 
SECTION: ".abs_section_4"
  _PTBD 
SECTION: ".abs_section_5"
  _PTBPE 
SECTION: ".abs_section_6"
  _PTBSE 
SECTION: ".abs_section_7"
  _PTBDD 
SECTION: ".abs_section_8"
  _PTCD 
SECTION: ".abs_section_9"
  _PTCPE 
SECTION: ".abs_section_a"
  _PTCSE 
SECTION: ".abs_section_b"
  _PTCDD 
SECTION: ".abs_section_c"
  _PTDD 
SECTION: ".abs_section_d"
  _PTDPE 
SECTION: ".abs_section_e"
  _PTDSE 
SECTION: ".abs_section_f"
  _PTDDD 
SECTION: ".abs_section_10"
  _PTED 
SECTION: ".abs_section_11"
  _PTEPE 
SECTION: ".abs_section_12"
  _PTESE 
SECTION: ".abs_section_13"
  _PTEDD 
SECTION: ".abs_section_14"
  _IRQSC 
SECTION: ".abs_section_16"
  _KBI1SC 
SECTION: ".abs_section_17"
  _KBI1PE 
SECTION: ".abs_section_1a"
  _SCI1C1 
SECTION: ".abs_section_1b"
  _SCI1C2 
SECTION: ".abs_section_1c"
  _SCI1S1 
SECTION: ".abs_section_1d"
  _SCI1S2 
SECTION: ".abs_section_1e"
  _SCI1C3 
SECTION: ".abs_section_1f"
  _SCI1D 
SECTION: ".abs_section_22"
  _SCI2C1 
SECTION: ".abs_section_23"
  _SCI2C2 
SECTION: ".abs_section_24"
  _SCI2S1 
SECTION: ".abs_section_25"
  _SCI2S2 
SECTION: ".abs_section_26"
  _SCI2C3 
SECTION: ".abs_section_27"
  _SCI2D 
SECTION: ".abs_section_28"
  _SPI1C1 
SECTION: ".abs_section_29"
  _SPI1C2 
SECTION: ".abs_section_2a"
  _SPI1BR 
SECTION: ".abs_section_2b"
  _SPI1S 
SECTION: ".abs_section_2d"
  _SPI1D 
SECTION: ".abs_section_30"
  _TPM1SC 
SECTION: ".abs_section_35"
  _TPM1C0SC 
SECTION: ".abs_section_38"
  _TPM1C1SC 
SECTION: ".abs_section_3b"
  _TPM1C2SC 
SECTION: ".abs_section_40"
  _PTFD 
SECTION: ".abs_section_41"
  _PTFPE 
SECTION: ".abs_section_42"
  _PTFSE 
SECTION: ".abs_section_43"
  _PTFDD 
SECTION: ".abs_section_44"
  _PTGD 
SECTION: ".abs_section_45"
  _PTGPE 
SECTION: ".abs_section_46"
  _PTGSE 
SECTION: ".abs_section_47"
  _PTGDD 
SECTION: ".abs_section_48"
  _ICGC1 
SECTION: ".abs_section_49"
  _ICGC2 
SECTION: ".abs_section_4a"
  _ICGS1 
SECTION: ".abs_section_4b"
  _ICGS2 
SECTION: ".abs_section_4e"
  _ICGTRM 
SECTION: ".abs_section_50"
  _ATD1C 
SECTION: ".abs_section_51"
  _ATD1SC 
SECTION: ".abs_section_54"
  _ATD1PE 
SECTION: ".abs_section_58"
  _IIC1A 
SECTION: ".abs_section_59"
  _IIC1F 
SECTION: ".abs_section_5a"
  _IIC1C 
SECTION: ".abs_section_5b"
  _IIC1S 
SECTION: ".abs_section_5c"
  _IIC1D 
SECTION: ".abs_section_60"
  _TPM2SC 
SECTION: ".abs_section_65"
  _TPM2C0SC 
SECTION: ".abs_section_68"
  _TPM2C1SC 
SECTION: ".abs_section_6b"
  _TPM2C2SC 
SECTION: ".abs_section_6e"
  _TPM2C3SC 
SECTION: ".abs_section_71"
  _TPM2C4SC 
SECTION: ".abs_section_1800"
  _SRS 
SECTION: ".abs_section_1801"
  _SBDFR 
SECTION: ".abs_section_1802"
  _SOPT 
SECTION: ".abs_section_1808"
  _SRTISC 
SECTION: ".abs_section_1809"
  _SPMSC1 
SECTION: ".abs_section_180a"
  _SPMSC2 
SECTION: ".abs_section_1810"
  _DBGCAH 
SECTION: ".abs_section_1811"
  _DBGCAL 
SECTION: ".abs_section_1812"
  _DBGCBH 
SECTION: ".abs_section_1813"
  _DBGCBL 
SECTION: ".abs_section_1816"
  _DBGC 
SECTION: ".abs_section_1817"
  _DBGT 
SECTION: ".abs_section_1818"
  _DBGS 
SECTION: ".abs_section_1820"
  _FCDIV 
SECTION: ".abs_section_1821"
  _FOPT 
SECTION: ".abs_section_1823"
  _FCNFG 
SECTION: ".abs_section_1824"
  _FPROT 
SECTION: ".abs_section_1825"
  _FSTAT 
SECTION: ".abs_section_1826"
  _FCMD 
SECTION: ".abs_section_18"
  _SCI1BD 
SECTION: ".abs_section_20"
  _SCI2BD 
SECTION: ".abs_section_31"
  _TPM1CNT 
SECTION: ".abs_section_33"
  _TPM1MOD 
SECTION: ".abs_section_36"
  _TPM1C0V 
SECTION: ".abs_section_39"
  _TPM1C1V 
SECTION: ".abs_section_3c"
  _TPM1C2V 
SECTION: ".abs_section_4c"
  _ICGFLT 
SECTION: ".abs_section_52"
  _ATD1R 
SECTION: ".abs_section_61"
  _TPM2CNT 
SECTION: ".abs_section_63"
  _TPM2MOD 
SECTION: ".abs_section_66"
  _TPM2C0V 
SECTION: ".abs_section_69"
  _TPM2C1V 
SECTION: ".abs_section_6c"
  _TPM2C2V 
SECTION: ".abs_section_6f"
  _TPM2C3V 
SECTION: ".abs_section_72"
  _TPM2C4V 
SECTION: ".abs_section_1806"
  _SDID 
SECTION: ".abs_section_1814"
  _DBGF 
SECTION: ".abs_section_ffcc"
  _vect 

*********************************************************************************************
OBJECT LIST SORTED BY ADDRESS
     Name                                      Addr   hSize   dSize     Ref    Section   RLIB
---------------------------------------------------------------------------------------------
     _PTAD                                        0       1       1       0   .abs_section_0
     _PTAPE                                       1       1       1       0   .abs_section_1
     _PTASE                                       2       1       1       1   .abs_section_2
     _PTADD                                       3       1       1       0   .abs_section_3
     _PTBD                                        4       1       1       0   .abs_section_4
     _PTBPE                                       5       1       1       0   .abs_section_5
     _PTBSE                                       6       1       1       1   .abs_section_6
     _PTBDD                                       7       1       1       0   .abs_section_7
     _PTCD                                        8       1       1       2   .abs_section_8
     _PTCPE                                       9       1       1       1   .abs_section_9
     _PTCSE                                       A       1       1       1   .abs_section_a
     _PTCDD                                       B       1       1       1   .abs_section_b
     _PTDD                                        C       1       1       6   .abs_section_c
     _PTDPE                                       D       1       1       2   .abs_section_d
     _PTDSE                                       E       1       1       2   .abs_section_e
     _PTDDD                                       F       1       1       2   .abs_section_f
     _PTED                                       10       1       1       0   .abs_section_10
     _PTEPE                                      11       1       1       0   .abs_section_11
     _PTESE                                      12       1       1       2   .abs_section_12
     _PTEDD                                      13       1       1       0   .abs_section_13
     _IRQSC                                      14       1       1       0   .abs_section_14
     _KBI1SC                                     16       1       1       0   .abs_section_16
     _KBI1PE                                     17       1       1       0   .abs_section_17
     _SCI1BD                                     18       2       2       0   .abs_section_18
     _SCI1C1                                     1A       1       1       0   .abs_section_1a
     _SCI1C2                                     1B       1       1       0   .abs_section_1b
     _SCI1S1                                     1C       1       1       0   .abs_section_1c
     _SCI1S2                                     1D       1       1       0   .abs_section_1d
     _SCI1C3                                     1E       1       1       0   .abs_section_1e
     _SCI1D                                      1F       1       1       0   .abs_section_1f
     _SCI2BD                                     20       2       2       0   .abs_section_20
     _SCI2C1                                     22       1       1       0   .abs_section_22
     _SCI2C2                                     23       1       1       0   .abs_section_23
     _SCI2S1                                     24       1       1       0   .abs_section_24
     _SCI2S2                                     25       1       1       0   .abs_section_25
     _SCI2C3                                     26       1       1       0   .abs_section_26
     _SCI2D                                      27       1       1       0   .abs_section_27
     _SPI1C1                                     28       1       1       0   .abs_section_28
     _SPI1C2                                     29       1       1       0   .abs_section_29
     _SPI1BR                                     2A       1       1       0   .abs_section_2a
     _SPI1S                                      2B       1       1       0   .abs_section_2b
     _SPI1D                                      2D       1       1       0   .abs_section_2d
     _TPM1SC                                     30       1       1       0   .abs_section_30
     _TPM1CNT                                    31       2       2       0   .abs_section_31
     _TPM1MOD                                    33       2       2       0   .abs_section_33
     _TPM1C0SC                                   35       1       1       0   .abs_section_35
     _TPM1C0V                                    36       2       2       0   .abs_section_36
     _TPM1C1SC                                   38       1       1       0   .abs_section_38
     _TPM1C1V                                    39       2       2       0   .abs_section_39
     _TPM1C2SC                                   3B       1       1       0   .abs_section_3b
     _TPM1C2V                                    3C       2       2       0   .abs_section_3c
     _PTFD                                       40       1       1       0   .abs_section_40
     _PTFPE                                      41       1       1       0   .abs_section_41
     _PTFSE                                      42       1       1       0   .abs_section_42
     _PTFDD                                      43       1       1       0   .abs_section_43
     _PTGD                                       44       1       1       0   .abs_section_44
     _PTGPE                                      45       1       1       0   .abs_section_45
     _PTGSE                                      46       1       1       2   .abs_section_46
     _PTGDD                                      47       1       1       0   .abs_section_47
     _ICGC1                                      48       1       1       1   .abs_section_48
     _ICGC2                                      49       1       1       1   .abs_section_49
     _ICGS1                                      4A       1       1       2   .abs_section_4a
     _ICGS2                                      4B       1       1       0   .abs_section_4b
     _ICGFLT                                     4C       2       2       1   .abs_section_4c
     _ICGTRM                                     4E       1       1       1   .abs_section_4e
     _ATD1C                                      50       1       1       0   .abs_section_50
     _ATD1SC                                     51       1       1       0   .abs_section_51
     _ATD1R                                      52       2       2       0   .abs_section_52
     _ATD1PE                                     54       1       1       0   .abs_section_54
     _IIC1A                                      58       1       1       0   .abs_section_58
     _IIC1F                                      59       1       1       0   .abs_section_59
     _IIC1C                                      5A       1       1       0   .abs_section_5a
     _IIC1S                                      5B       1       1       0   .abs_section_5b
     _IIC1D                                      5C       1       1       0   .abs_section_5c
     _TPM2SC                                     60       1       1       0   .abs_section_60
     _TPM2CNT                                    61       2       2       0   .abs_section_61
     _TPM2MOD                                    63       2       2       0   .abs_section_63
     _TPM2C0SC                                   65       1       1       0   .abs_section_65
     _TPM2C0V                                    66       2       2       0   .abs_section_66
     _TPM2C1SC                                   68       1       1       0   .abs_section_68
     _TPM2C1V                                    69       2       2       0   .abs_section_69
     _TPM2C2SC                                   6B       1       1       0   .abs_section_6b
     _TPM2C2V                                    6C       2       2       0   .abs_section_6c
     _TPM2C3SC                                   6E       1       1       0   .abs_section_6e
     _TPM2C3V                                    6F       2       2       0   .abs_section_6f
     _TPM2C4SC                                   71       1       1       0   .abs_section_71
     _TPM2C4V                                    72       2       2       0   .abs_section_72
     CCR_lock                                    A0       1       1       1   .common     
     _SRS                                      1800       1       1       0   .abs_section_1800
     _SBDFR                                    1801       1       1       0   .abs_section_1801
     _SOPT                                     1802       1       1       1   .abs_section_1802
     _SDID                                     1806       2       2       0   .abs_section_1806
     _SRTISC                                   1808       1       1       0   .abs_section_1808
     _SPMSC1                                   1809       1       1       1   .abs_section_1809
     _SPMSC2                                   180A       1       1       1   .abs_section_180a
     _DBGCAH                                   1810       1       1       0   .abs_section_1810
     _DBGCAL                                   1811       1       1       0   .abs_section_1811
     _DBGCBH                                   1812       1       1       0   .abs_section_1812
     _DBGCBL                                   1813       1       1       0   .abs_section_1813
     _DBGF                                     1814       2       2       0   .abs_section_1814
     _DBGC                                     1816       1       1       0   .abs_section_1816
     _DBGT                                     1817       1       1       0   .abs_section_1817
     _DBGS                                     1818       1       1       0   .abs_section_1818
     _FCDIV                                    1820       1       1       0   .abs_section_1820
     _FOPT                                     1821       1       1       0   .abs_section_1821
     _FCNFG                                    1823       1       1       0   .abs_section_1823
     _FPROT                                    1824       1       1       0   .abs_section_1824
     _FSTAT                                    1825       1       1       0   .abs_section_1825
     _FCMD                                     1826       1       1       0   .abs_section_1826
     Cpu_VicgInterrupt                         182C       7       7       1   .init       
     Cpu_Interrupt                             1833       4       4      24   .init       
     _EntryPoint                               1837      27      39       1   .init       
     PE_low_level_init                         185E      40      64       1   .init       
     main                                      18AC       5       5       1   .text       
     loadByte                                  18B1       E      14       5   .text       
     Init                                      18BF      6D     109       1   .text       
     _Startup                                  192C       9       9       1   .text       
     NVPROT_INIT                               FFBD       1       1       0   .abs_section_ffbd
     NVOPT_INIT                                FFBF       1       1       0   .abs_section_ffbf
     _vect                                     FFCC      34      52       0   .abs_section_ffcc

*********************************************************************************************
UNUSED-OBJECTS SECTION
---------------------------------------------------------------------------------------------
NOT USED VARIABLES
Cpu_c.obj:
  CCR_reg 

*********************************************************************************************
COPYDOWN SECTION
---------------------------------------------------------------------------------------------
------- ROM-ADDRESS: 0x1935 ---- SIZE       2 ---
Filling bytes inserted
 0000

*********************************************************************************************
OBJECT-DEPENDENCIES SECTION
---------------------------------------------------------------------------------------------
Cpu_VicgInterrupt         USES _ICGS1 
_EntryPoint               USES _SOPT _SPMSC1 _SPMSC2 _ICGC1 _ICGFLT _ICGC2 
                                _ICGTRM _Startup 
PE_low_level_init         USES _PTDD _PTDPE _PTDDD _PTCD _PTCPE _PTCDD _PTASE 
                                _PTBSE _PTCSE _PTDSE _PTESE _PTGSE CCR_lock 
main                      USES PE_low_level_init 
Init                      USES _startupData loadByte 
_Startup                  USES __SEG_END_SSTACK Init main 
_vect                     USES Cpu_Interrupt Cpu_VicgInterrupt _EntryPoint 

*********************************************************************************************
DEPENDENCY TREE
*********************************************************************************************
 main and _Startup Group
 | 
 +- main                
 |  | 
 |  +- PE_low_level_init   
 |       
 +- _EntryPoint         
    | 
    +- _Startup            
       | 
       +- Init                
       |  | 
       |  +- loadByte            
       |       
       +- main                 (see above)
          
 _vect               
 | 
 +- Cpu_Interrupt       
 |    
 +- Cpu_VicgInterrupt   
 |    
 +- _EntryPoint          (see above)
    
*********************************************************************************************
STATISTIC SECTION
---------------------------------------------------------------------------------------------

ExeFile:
--------
Number of blocks to be downloaded: 7
Total size of all blocks to be downloaded: 321

